Component: ARM Compiler 5.06 update 6 (build 750) Tool: armlink [4d35ed]

==============================================================================

Section Cross References

    main.o(i.Flash_Blue) refers to os.o(i.OS_Sleep) for OS_Sleep
    main.o(i.Flash_Green) refers to os.o(i.OS_Suspend) for OS_Suspend
    main.o(i.Flash_Red) refers to os.o(i.OS_bWait) for OS_bWait
    main.o(i.Flash_Red) refers to os.o(i.OS_bSignal) for OS_bSignal
    main.o(i.Flash_Red) refers to main.o(.data) for Mutex_REDLED
    main.o(i.Flash_Red2) refers to osasm.o(.text) for OS_ASM_Wait
    main.o(i.Flash_Red2) refers to main.o(.data) for Mutex_REDLED
    main.o(i.WrapInterpreter) refers to interpreter.o(i.Interpreter) for Interpreter
    main.o(i.main) refers to cpu.o(i.LED_Init) for LED_Init
    main.o(i.main) refers to os.o(i.OS_Init) for OS_Init
    main.o(i.main) refers to os.o(i.OS_MailBox_Init) for OS_MailBox_Init
    main.o(i.main) refers to os.o(i.OS_Fifo_Init) for OS_Fifo_Init
    main.o(i.main) refers to os.o(i.OS_AddThread) for OS_AddThread
    main.o(i.main) refers to os.o(i.OS_InitSemaphore) for OS_InitSemaphore
    main.o(i.main) refers to os.o(i.OS_Launch) for OS_Launch
    main.o(i.main) refers to main.o(i.WrapInterpreter) for WrapInterpreter
    main.o(i.main) refers to main.o(.data) for ThreadsCreated
    main.o(i.main) refers to main.o(i.DummyThread) for DummyThread
    main.o(i.main) refers to main.o(i.Flash_Green) for Flash_Green
    main.o(i.main) refers to main.o(i.Flash_Blue) for Flash_Blue
    main.o(i.main) refers to main.o(i.Flash_Red) for Flash_Red
    interpreter.o(i.Interpreter) refers to interpreter.o(i.newLine) for newLine
    interpreter.o(i.newLine) refers to uart0.o(i.OutCRLF) for OutCRLF
    startup.o(RESET) refers to startup.o(STACK) for StackMem
    startup.o(RESET) refers to main.o(i.HardFault_Handler) for HardFault_Handler
    startup.o(RESET) refers to osasm.o(.text) for PendSV_Handler
    startup.o(RESET) refers to os.o(i.SysTick_Handler) for SysTick_Handler
    startup.o(RESET) refers to uart0.o(i.UART0_Handler) for UART0_Handler
    startup.o(RESET) refers to os.o(i.Timer0A_Handler) for Timer0A_Handler
    startup.o(RESET) refers to os.o(i.Timer1A_Handler) for Timer1A_Handler
    startup.o(RESET) refers to os.o(i.GPIOPortF_Handler) for GPIOPortF_Handler
    startup.o(RESET) refers to os.o(i.Timer3A_Handler) for Timer3A_Handler
    startup.o(RESET) refers to os.o(i.Timer4A_Handler) for Timer4A_Handler
    startup.o(RESET) refers to entry.o(.ARM.Collect$$$$00000000) for __main
    cpu.o(i.CLOCK_SystemEnable) refers to pll.o(i.PLL_Init) for PLL_Init
    uart0.o(i.OutCRLF) refers to uart0.o(i.UART_OutChar) for UART_OutChar
    uart0.o(i.RxFifo_Get) refers to uart0.o(.data) for RxPutI
    uart0.o(i.RxFifo_Get) refers to uart0.o(.bss) for RxFifo
    uart0.o(i.RxFifo_Init) refers to startup.o(.text) for StartCritical
    uart0.o(i.RxFifo_Init) refers to uart0.o(.data) for RxGetI
    uart0.o(i.RxFifo_Put) refers to uart0.o(.data) for RxPutI
    uart0.o(i.RxFifo_Put) refers to uart0.o(.bss) for RxFifo
    uart0.o(i.RxFifo_Size) refers to uart0.o(.data) for RxPutI
    uart0.o(i.TxFifo_Get) refers to uart0.o(.data) for TxPutI
    uart0.o(i.TxFifo_Get) refers to uart0.o(.bss) for TxFifo
    uart0.o(i.TxFifo_Init) refers to startup.o(.text) for StartCritical
    uart0.o(i.TxFifo_Init) refers to uart0.o(.data) for TxGetI
    uart0.o(i.TxFifo_Put) refers to uart0.o(.data) for TxPutI
    uart0.o(i.TxFifo_Put) refers to uart0.o(.bss) for TxFifo
    uart0.o(i.TxFifo_Size) refers to uart0.o(.data) for TxPutI
    uart0.o(i.UART0_Handler) refers to uart0.o(i.copySoftwareToHardware) for copySoftwareToHardware
    uart0.o(i.UART0_Handler) refers to uart0.o(i.TxFifo_Size) for TxFifo_Size
    uart0.o(i.UART0_Handler) refers to uart0.o(i.copyHardwareToSoftware) for copyHardwareToSoftware
    uart0.o(i.UART_InChar) refers to uart0.o(i.RxFifo_Get) for RxFifo_Get
    uart0.o(i.UART_InString) refers to uart0.o(i.UART_InChar) for UART_InChar
    uart0.o(i.UART_InString) refers to uart0.o(i.UART_OutChar) for UART_OutChar
    uart0.o(i.UART_InUDec) refers to uart0.o(i.UART_InChar) for UART_InChar
    uart0.o(i.UART_InUDec) refers to uart0.o(i.UART_OutChar) for UART_OutChar
    uart0.o(i.UART_InUHex) refers to uart0.o(i.UART_InChar) for UART_InChar
    uart0.o(i.UART_InUHex) refers to uart0.o(i.UART_OutChar) for UART_OutChar
    uart0.o(i.UART_Init) refers to uart0.o(i.RxFifo_Init) for RxFifo_Init
    uart0.o(i.UART_Init) refers to uart0.o(i.TxFifo_Init) for TxFifo_Init
    uart0.o(i.UART_Init) refers to os.o(i.OS_InitSemaphore) for OS_InitSemaphore
    uart0.o(i.UART_Init) refers to uart0.o(.data) for semaUART
    uart0.o(i.UART_OutChar) refers to os.o(i.OS_Wait) for OS_Wait
    uart0.o(i.UART_OutChar) refers to uart0.o(i.TxFifo_Put) for TxFifo_Put
    uart0.o(i.UART_OutChar) refers to uart0.o(i.copySoftwareToHardware) for copySoftwareToHardware
    uart0.o(i.UART_OutChar) refers to os.o(i.OS_Signal) for OS_Signal
    uart0.o(i.UART_OutChar) refers to uart0.o(.data) for semaUART
    uart0.o(i.UART_OutString) refers to uart0.o(i.UART_OutChar) for UART_OutChar
    uart0.o(i.UART_OutUDec) refers to uart0.o(i.UART_OutChar) for UART_OutChar
    uart0.o(i.UART_OutUHex) refers to uart0.o(i.UART_OutChar) for UART_OutChar
    uart0.o(i.copyHardwareToSoftware) refers to uart0.o(i.RxFifo_Put) for RxFifo_Put
    uart0.o(i.copyHardwareToSoftware) refers to uart0.o(i.RxFifo_Size) for RxFifo_Size
    uart0.o(i.copySoftwareToHardware) refers to uart0.o(i.TxFifo_Get) for TxFifo_Get
    uart0.o(i.copySoftwareToHardware) refers to uart0.o(i.TxFifo_Size) for TxFifo_Size
    os.o(i.AddBlockedToSemaphore) refers to os.o(.data) for RunPt
    os.o(i.BlockTCB) refers to os.o(i.UnLinkTCB) for UnLinkTCB
    os.o(i.BlockTCB) refers to os.o(i.AddBlockedToSemaphore) for AddBlockedToSemaphore
    os.o(i.BlockTCB) refers to os.o(i.OS_Suspend) for OS_Suspend
    os.o(i.BlockTCB) refers to os.o(.data) for RunPt
    os.o(i.BlockTCB) refers to os.o(.bss) for PriorityAvailable
    os.o(i.GPIOPortF_Handler) refers to os.o(i.OS_AddThread) for OS_AddThread
    os.o(i.GPIOPortF_Handler) refers to os.o(.data) for LastSW1
    os.o(i.GPIOPortF_Handler) refers to os.o(i.SW1_Debounce) for SW1_Debounce
    os.o(i.GPIOPortF_Handler) refers to os.o(i.SW2_Debounce) for SW2_Debounce
    os.o(i.LinkTCB) refers to os.o(.data) for RunPt
    os.o(i.LinkTCB) refers to os.o(.bss) for PriorityAvailable
    os.o(i.OS_AddPeriodicThread) refers to os.o(i.PeriodicThread1_Init) for PeriodicThread1_Init
    os.o(i.OS_AddPeriodicThread) refers to os.o(i.PeriodicThread2_Init) for PeriodicThread2_Init
    os.o(i.OS_AddPeriodicThread) refers to os.o(.data) for NumberOfPeriodicTasks
    os.o(i.OS_AddPriorityThread) refers to os.o(.bss) for PriorityTotal
    os.o(i.OS_AddSW1Task) refers to os.o(i.SW1_Init) for SW1_Init
    os.o(i.OS_AddSW1Task) refers to os.o(.data) for SW1_Task
    os.o(i.OS_AddSW2Task) refers to os.o(i.SW2_Init) for SW2_Init
    os.o(i.OS_AddSW2Task) refers to os.o(.data) for SW2_Task
    os.o(i.OS_AddThread) refers to startup.o(.text) for StartCritical
    os.o(i.OS_AddThread) refers to os.o(i.SetInitialStack) for SetInitialStack
    os.o(i.OS_AddThread) refers to os.o(i.OS_AddPriorityThread) for OS_AddPriorityThread
    os.o(i.OS_AddThread) refers to os.o(.data) for NumOfThreads
    os.o(i.OS_AddThread) refers to os.o(.bss) for tcbs
    os.o(i.OS_ClearMsTime) refers to os.o(.data) for OS_SystemTimeMS
    os.o(i.OS_Fifo_Get) refers to os.o(i.OS_Wait) for OS_Wait
    os.o(i.OS_Fifo_Get) refers to os.o(.data) for SemaFIFO
    os.o(i.OS_Fifo_Get) refers to os.o(.bss) for OS_FiFo
    os.o(i.OS_Fifo_Init) refers to startup.o(.text) for StartCritical
    os.o(i.OS_Fifo_Init) refers to os.o(i.OS_InitSemaphore) for OS_InitSemaphore
    os.o(i.OS_Fifo_Init) refers to os.o(.data) for Get_Idx
    os.o(i.OS_Fifo_Put) refers to os.o(i.OS_Signal) for OS_Signal
    os.o(i.OS_Fifo_Put) refers to os.o(.data) for SemaFIFO
    os.o(i.OS_Fifo_Put) refers to os.o(.bss) for OS_FiFo
    os.o(i.OS_Fifo_Size) refers to os.o(.data) for SemaFIFO
    os.o(i.OS_IdThread) refers to os.o(.data) for RunPt
    os.o(i.OS_Init) refers to osasm.o(.text) for OS_DisableInterrupts
    os.o(i.OS_Init) refers to os.o(i.Peripheral_Init) for Peripheral_Init
    os.o(i.OS_Init) refers to os.o(i.SetThreads) for SetThreads
    os.o(i.OS_Init) refers to os.o(i.SysTick_Init) for SysTick_Init
    os.o(i.OS_Init) refers to os.o(.data) for OS_SystemTimeMS
    os.o(i.OS_Init) refers to os.o(.bss) for tcbs
    os.o(i.OS_InitSemaphore) refers to startup.o(.text) for StartCritical
    os.o(i.OS_Kill) refers to startup.o(.text) for DisableInterrupts
    os.o(i.OS_Kill) refers to os.o(i.OS_Suspend) for OS_Suspend
    os.o(i.OS_Kill) refers to os.o(.data) for RunPt
    os.o(i.OS_Kill) refers to os.o(.bss) for PriorityLastPtr
    os.o(i.OS_Launch) refers to osasm.o(.text) for StartOS
    os.o(i.OS_Launch) refers to os.o(.bss) for PriorityAvailable
    os.o(i.OS_Launch) refers to os.o(.data) for RunPt
    os.o(i.OS_MailBox_Init) refers to os.o(i.OS_InitSemaphore) for OS_InitSemaphore
    os.o(i.OS_MailBox_Init) refers to os.o(.bss) for MailBox
    os.o(i.OS_MailBox_Recv) refers to os.o(i.OS_bWait) for OS_bWait
    os.o(i.OS_MailBox_Recv) refers to os.o(i.OS_bSignal) for OS_bSignal
    os.o(i.OS_MailBox_Recv) refers to os.o(.bss) for MailBox
    os.o(i.OS_MailBox_Send) refers to os.o(i.OS_bWait) for OS_bWait
    os.o(i.OS_MailBox_Send) refers to os.o(i.OS_bSignal) for OS_bSignal
    os.o(i.OS_MailBox_Send) refers to os.o(.bss) for MailBox
    os.o(i.OS_MsTime) refers to os.o(.data) for OS_SystemTimeMS
    os.o(i.OS_Scheduler) refers to os.o(.data) for RunPt
    os.o(i.OS_Scheduler) refers to os.o(.bss) for PriorityAvailable
    os.o(i.OS_Signal) refers to startup.o(.text) for StartCritical
    os.o(i.OS_Signal) refers to os.o(i.UnBlockTCB) for UnBlockTCB
    os.o(i.OS_Sleep) refers to startup.o(.text) for DisableInterrupts
    os.o(i.OS_Sleep) refers to os.o(i.OS_Suspend) for OS_Suspend
    os.o(i.OS_Sleep) refers to osasm.o(.text) for OS_EnableInterrupts
    os.o(i.OS_Sleep) refers to os.o(.data) for RunPt
    os.o(i.OS_Sleep) refers to os.o(.bss) for PriorityAvailable
    os.o(i.OS_Wait) refers to startup.o(.text) for StartCritical
    os.o(i.OS_Wait) refers to os.o(i.BlockTCB) for BlockTCB
    os.o(i.OS_bSignal) refers to startup.o(.text) for StartCritical
    os.o(i.OS_bSignal) refers to os.o(i.UnBlockTCB) for UnBlockTCB
    os.o(i.OS_bWait) refers to startup.o(.text) for DisableInterrupts
    os.o(i.OS_bWait) refers to os.o(i.BlockTCB) for BlockTCB
    os.o(i.PeriodicThread1_Init) refers to startup.o(.text) for StartCritical
    os.o(i.PeriodicThread1_Init) refers to os.o(.data) for Period1
    os.o(i.PeriodicThread2_Init) refers to startup.o(.text) for StartCritical
    os.o(i.PeriodicThread2_Init) refers to os.o(.data) for Period2
    os.o(i.Peripheral_Init) refers to os.o(i.Timer3A_Init) for Timer3A_Init
    os.o(i.SW1_Debounce) refers to os.o(i.OS_Sleep) for OS_Sleep
    os.o(i.SW1_Debounce) refers to os.o(i.OS_Kill) for OS_Kill
    os.o(i.SW1_Debounce) refers to os.o(.data) for LastSW1
    os.o(i.SW1_Init) refers to os.o(.data) for Sw1Pri
    os.o(i.SW2_Debounce) refers to os.o(i.OS_Sleep) for OS_Sleep
    os.o(i.SW2_Debounce) refers to os.o(i.OS_Kill) for OS_Kill
    os.o(i.SW2_Debounce) refers to os.o(.data) for LastSW2
    os.o(i.SetInitialStack) refers to os.o(.bss) for Stacks
    os.o(i.SetThreads) refers to os.o(.bss) for tcbs
    os.o(i.SysTick_Handler) refers to os.o(i.OS_Scheduler) for OS_Scheduler
    os.o(i.Timer0A_Handler) refers to os.o(.data) for OS_SystemTime
    os.o(i.Timer0A_Init) refers to startup.o(.text) for StartCritical
    os.o(i.Timer1A_Handler) refers to os.o(.data) for Periodic_Thread1
    os.o(i.Timer3A_Handler) refers to os.o(.data) for OS_SystemTimeMS
    os.o(i.Timer3A_Handler) refers to os.o(.bss) for tcbs
    os.o(i.Timer3A_Init) refers to startup.o(.text) for StartCritical
    os.o(i.Timer4A_Handler) refers to os.o(.data) for Periodic_Thread1
    os.o(i.UnBlockTCB) refers to os.o(i.RemoveBlockedFromSemaphore) for RemoveBlockedFromSemaphore
    os.o(i.UnBlockTCB) refers to os.o(i.LinkTCB) for LinkTCB
    os.o(i.UnLinkTCB) refers to os.o(.data) for RunPt
    osasm.o(.text) refers to os.o(.data) for RunPt
    entry.o(.ARM.Collect$$$$00000000) refers (Special) to entry10a.o(.ARM.Collect$$$$0000000D) for __rt_final_cpp
    entry.o(.ARM.Collect$$$$00000000) refers (Special) to entry11a.o(.ARM.Collect$$$$0000000F) for __rt_final_exit
    entry.o(.ARM.Collect$$$$00000000) refers (Special) to entry7b.o(.ARM.Collect$$$$00000008) for _main_clock
    entry.o(.ARM.Collect$$$$00000000) refers (Special) to entry8b.o(.ARM.Collect$$$$0000000A) for _main_cpp_init
    entry.o(.ARM.Collect$$$$00000000) refers (Special) to entry9a.o(.ARM.Collect$$$$0000000B) for _main_init
    entry.o(.ARM.Collect$$$$00000000) refers (Special) to entry5.o(.ARM.Collect$$$$00000004) for _main_scatterload
    entry.o(.ARM.Collect$$$$00000000) refers (Special) to entry2.o(.ARM.Collect$$$$00000001) for _main_stk
    entry2.o(.ARM.Collect$$$$00000001) refers to entry2.o(.ARM.Collect$$$$00002712) for __lit__00000000
    entry2.o(.ARM.Collect$$$$00002712) refers to startup.o(STACK) for __initial_sp
    entry2.o(__vectab_stack_and_reset_area) refers to startup.o(STACK) for __initial_sp
    entry2.o(__vectab_stack_and_reset_area) refers to entry.o(.ARM.Collect$$$$00000000) for __main
    entry5.o(.ARM.Collect$$$$00000004) refers to init.o(.text) for __scatterload
    entry9a.o(.ARM.Collect$$$$0000000B) refers to main.o(i.main) for main
    entry9b.o(.ARM.Collect$$$$0000000C) refers to main.o(i.main) for main
    init.o(.text) refers to entry5.o(.ARM.Collect$$$$00000004) for __main_after_scatterload


==============================================================================

Removing Unused input sections from the image.

    Removing main.o(i.Flash_Red2), (36 bytes).
    Removing startup.o(HEAP), (0 bytes).
    Removing cpu.o(i.CLOCK_SystemEnable), (10 bytes).
    Removing pll.o(i.PLL_Init), (124 bytes).
    Removing uart0.o(i.RxFifo_Get), (60 bytes).
    Removing uart0.o(i.RxFifo_Init), (36 bytes).
    Removing uart0.o(i.TxFifo_Init), (36 bytes).
    Removing uart0.o(i.UART_InChar), (20 bytes).
    Removing uart0.o(i.UART_InString), (70 bytes).
    Removing uart0.o(i.UART_InUDec), (76 bytes).
    Removing uart0.o(i.UART_InUHex), (108 bytes).
    Removing uart0.o(i.UART_Init), (212 bytes).
    Removing uart0.o(i.UART_OutString), (24 bytes).
    Removing uart0.o(i.UART_OutUDec), (42 bytes).
    Removing uart0.o(i.UART_OutUHex), (52 bytes).
    Removing os.o(i.OS_AddPeriodicThread), (96 bytes).
    Removing os.o(i.OS_AddSW1Task), (36 bytes).
    Removing os.o(i.OS_AddSW2Task), (32 bytes).
    Removing os.o(i.OS_ClearMsTime), (12 bytes).
    Removing os.o(i.OS_Fifo_Get), (76 bytes).
    Removing os.o(i.OS_Fifo_Put), (72 bytes).
    Removing os.o(i.OS_Fifo_Size), (12 bytes).
    Removing os.o(i.OS_IdThread), (12 bytes).
    Removing os.o(i.OS_MailBox_Recv), (28 bytes).
    Removing os.o(i.OS_MailBox_Send), (28 bytes).
    Removing os.o(i.OS_MsTime), (12 bytes).
    Removing os.o(i.OS_Time), (12 bytes).
    Removing os.o(i.OS_TimeDifference), (18 bytes).
    Removing os.o(i.PeriodicThread1_Init), (120 bytes).
    Removing os.o(i.PeriodicThread2_Init), (116 bytes).
    Removing os.o(i.SW1_Init), (236 bytes).
    Removing os.o(i.SW2_Init), (248 bytes).
    Removing os.o(i.Timer0A_Init), (96 bytes).

33 unused section(s) (total 2168 bytes) removed from the image.

==============================================================================

Image Symbol Table

    Local Symbols

    Symbol Name                              Value     Ov Type        Size  Object(Section)

    RESET                                    0x00000000   Section      644  startup.o(RESET)
    ../clib/microlib/init/entry.s            0x00000000   Number         0  entry10a.o ABSOLUTE
    ../clib/microlib/init/entry.s            0x00000000   Number         0  entry5.o ABSOLUTE
    ../clib/microlib/init/entry.s            0x00000000   Number         0  entry2.o ABSOLUTE
    ../clib/microlib/init/entry.s            0x00000000   Number         0  entry11b.o ABSOLUTE
    ../clib/microlib/init/entry.s            0x00000000   Number         0  entry9b.o ABSOLUTE
    ../clib/microlib/init/entry.s            0x00000000   Number         0  entry11a.o ABSOLUTE
    ../clib/microlib/init/entry.s            0x00000000   Number         0  entry9a.o ABSOLUTE
    ../clib/microlib/init/entry.s            0x00000000   Number         0  entry10b.o ABSOLUTE
    ../clib/microlib/init/entry.s            0x00000000   Number         0  entry.o ABSOLUTE
    ../clib/microlib/init/entry.s            0x00000000   Number         0  entry8b.o ABSOLUTE
    ../clib/microlib/init/entry.s            0x00000000   Number         0  entry8a.o ABSOLUTE
    ../clib/microlib/init/entry.s            0x00000000   Number         0  entry7b.o ABSOLUTE
    ../clib/microlib/init/entry.s            0x00000000   Number         0  entry7a.o ABSOLUTE
    CMSIS\startup.s                          0x00000000   Number         0  startup.o ABSOLUTE
    HAL\PLL.c                                0x00000000   Number         0  pll.o ABSOLUTE
    HAL\UART0.c                              0x00000000   Number         0  uart0.o ABSOLUTE
    HAL\cpu.c                                0x00000000   Number         0  cpu.o ABSOLUTE
    RTOS\OS.c                                0x00000000   Number         0  os.o ABSOLUTE
    RTOS\OSAsm.s                             0x00000000   Number         0  osasm.o ABSOLUTE
    Src\Interpreter.c                        0x00000000   Number         0  interpreter.o ABSOLUTE
    Src\main.c                               0x00000000   Number         0  main.o ABSOLUTE
    dc.s                                     0x00000000   Number         0  dc.o ABSOLUTE
    handlers.s                               0x00000000   Number         0  handlers.o ABSOLUTE
    init.s                                   0x00000000   Number         0  init.o ABSOLUTE
    .ARM.Collect$$$$00000000                 0x00000284   Section        0  entry.o(.ARM.Collect$$$$00000000)
    .ARM.Collect$$$$00000001                 0x00000284   Section        4  entry2.o(.ARM.Collect$$$$00000001)
    .ARM.Collect$$$$00000004                 0x00000288   Section        4  entry5.o(.ARM.Collect$$$$00000004)
    .ARM.Collect$$$$00000008                 0x0000028c   Section        0  entry7b.o(.ARM.Collect$$$$00000008)
    .ARM.Collect$$$$0000000A                 0x0000028c   Section        0  entry8b.o(.ARM.Collect$$$$0000000A)
    .ARM.Collect$$$$0000000B                 0x0000028c   Section        8  entry9a.o(.ARM.Collect$$$$0000000B)
    .ARM.Collect$$$$0000000D                 0x00000294   Section        0  entry10a.o(.ARM.Collect$$$$0000000D)
    .ARM.Collect$$$$0000000F                 0x00000294   Section        0  entry11a.o(.ARM.Collect$$$$0000000F)
    .ARM.Collect$$$$00002712                 0x00000294   Section        4  entry2.o(.ARM.Collect$$$$00002712)
    __lit__00000000                          0x00000294   Data           4  entry2.o(.ARM.Collect$$$$00002712)
    .text                                    0x00000298   Section       28  startup.o(.text)
    .text                                    0x000002b4   Section      116  osasm.o(.text)
    .text                                    0x00000328   Section       36  init.o(.text)
    i.AddBlockedToSemaphore                  0x0000034c   Section        0  os.o(i.AddBlockedToSemaphore)
    i.BlockTCB                               0x00000380   Section        0  os.o(i.BlockTCB)
    i.DummyThread                            0x000003bc   Section        0  main.o(i.DummyThread)
    i.Flash_Blue                             0x000003cc   Section        0  main.o(i.Flash_Blue)
    i.Flash_Green                            0x000003e8   Section        0  main.o(i.Flash_Green)
    i.Flash_Red                              0x00000400   Section        0  main.o(i.Flash_Red)
    i.GPIOPortF_Handler                      0x00000424   Section        0  os.o(i.GPIOPortF_Handler)
    i.HardFault_Handler                      0x000004ec   Section        0  main.o(i.HardFault_Handler)
    i.Interpreter                            0x00000504   Section        0  interpreter.o(i.Interpreter)
    i.LED_Init                               0x0000050c   Section        0  cpu.o(i.LED_Init)
    i.LinkTCB                                0x00000580   Section        0  os.o(i.LinkTCB)
    i.OS_AddPriorityThread                   0x000005c4   Section        0  os.o(i.OS_AddPriorityThread)
    i.OS_AddThread                           0x00000628   Section        0  os.o(i.OS_AddThread)
    i.OS_Fifo_Init                           0x0000075c   Section        0  os.o(i.OS_Fifo_Init)
    i.OS_Init                                0x0000078c   Section        0  os.o(i.OS_Init)
    i.OS_InitSemaphore                       0x000007c0   Section        0  os.o(i.OS_InitSemaphore)
    i.OS_Kill                                0x000007dc   Section        0  os.o(i.OS_Kill)
    i.OS_Launch                              0x00000944   Section        0  os.o(i.OS_Launch)
    i.OS_MailBox_Init                        0x0000098c   Section        0  os.o(i.OS_MailBox_Init)
    i.OS_Scheduler                           0x000009a8   Section        0  os.o(i.OS_Scheduler)
    i.OS_Signal                              0x00000a44   Section        0  os.o(i.OS_Signal)
    i.OS_Sleep                               0x00000a68   Section        0  os.o(i.OS_Sleep)
    i.OS_Suspend                             0x00000aa4   Section        0  os.o(i.OS_Suspend)
    i.OS_Wait                                0x00000abc   Section        0  os.o(i.OS_Wait)
    i.OS_bSignal                             0x00000ae0   Section        0  os.o(i.OS_bSignal)
    i.OS_bWait                               0x00000b04   Section        0  os.o(i.OS_bWait)
    i.OutCRLF                                0x00000b24   Section        0  uart0.o(i.OutCRLF)
    i.Peripheral_Init                        0x00000b34   Section        0  os.o(i.Peripheral_Init)
    i.RemoveBlockedFromSemaphore             0x00000b44   Section        0  os.o(i.RemoveBlockedFromSemaphore)
    i.RxFifo_Put                             0x00000b50   Section        0  uart0.o(i.RxFifo_Put)
    i.RxFifo_Size                            0x00000b8c   Section        0  uart0.o(i.RxFifo_Size)
    i.SW1_Debounce                           0x00000ba4   Section        0  os.o(i.SW1_Debounce)
    i.SW2_Debounce                           0x00000bd0   Section        0  os.o(i.SW2_Debounce)
    i.SetInitialStack                        0x00000bfc   Section        0  os.o(i.SetInitialStack)
    i.SetThreads                             0x00000ce8   Section        0  os.o(i.SetThreads)
    i.SysTick_Handler                        0x00000d34   Section        0  os.o(i.SysTick_Handler)
    i.SysTick_Init                           0x00000d48   Section        0  os.o(i.SysTick_Init)
    i.Timer0A_Handler                        0x00000d78   Section        0  os.o(i.Timer0A_Handler)
    i.Timer1A_Handler                        0x00000d94   Section        0  os.o(i.Timer1A_Handler)
    i.Timer3A_Handler                        0x00000dac   Section        0  os.o(i.Timer3A_Handler)
    i.Timer3A_Init                           0x00000e3c   Section        0  os.o(i.Timer3A_Init)
    i.Timer4A_Handler                        0x00000ea0   Section        0  os.o(i.Timer4A_Handler)
    i.TxFifo_Get                             0x00000eb8   Section        0  uart0.o(i.TxFifo_Get)
    i.TxFifo_Put                             0x00000ef4   Section        0  uart0.o(i.TxFifo_Put)
    i.TxFifo_Size                            0x00000f30   Section        0  uart0.o(i.TxFifo_Size)
    i.UART0_Handler                          0x00000f48   Section        0  uart0.o(i.UART0_Handler)
    i.UART_OutChar                           0x00000fa0   Section        0  uart0.o(i.UART_OutChar)
    i.UnBlockTCB                             0x00000fe4   Section        0  os.o(i.UnBlockTCB)
    i.UnLinkTCB                              0x00000ffc   Section        0  os.o(i.UnLinkTCB)
    i.WrapInterpreter                        0x0000102c   Section        0  main.o(i.WrapInterpreter)
    i.__scatterload_copy                     0x00001034   Section       14  handlers.o(i.__scatterload_copy)
    i.__scatterload_null                     0x00001042   Section        2  handlers.o(i.__scatterload_null)
    i.__scatterload_zeroinit                 0x00001044   Section       14  handlers.o(i.__scatterload_zeroinit)
    i.copyHardwareToSoftware                 0x00001054   Section        0  uart0.o(i.copyHardwareToSoftware)
    copyHardwareToSoftware                   0x00001055   Thumb Code    36  uart0.o(i.copyHardwareToSoftware)
    i.copySoftwareToHardware                 0x0000107c   Section        0  uart0.o(i.copySoftwareToHardware)
    copySoftwareToHardware                   0x0000107d   Thumb Code    38  uart0.o(i.copySoftwareToHardware)
    i.main                                   0x000010a8   Section        0  main.o(i.main)
    i.newLine                                0x00001170   Section        0  interpreter.o(i.newLine)
    .data                                    0x20000000   Section       12  main.o(.data)
    .data                                    0x2000000c   Section       24  uart0.o(.data)
    .data                                    0x20000024   Section       89  os.o(.data)
    NumOfThreads                             0x20000024   Data           1  os.o(.data)
    NumberOfPeriodicTasks                    0x2000007c   Data           1  os.o(.data)
    .bss                                     0x20000080   Section      128  uart0.o(.bss)
    RxFifo                                   0x20000080   Data          64  uart0.o(.bss)
    TxFifo                                   0x200000c0   Data          64  uart0.o(.bss)
    .bss                                     0x20000100   Section    11812  os.o(.bss)
    tcbs                                     0x20002900   Data         400  os.o(.bss)
    STACK                                    0x20002f28   Section     1024  startup.o(STACK)
    StackMem                                 0x20002f28   Data           0  startup.o(STACK)

    Global Symbols

    Symbol Name                              Value     Ov Type        Size  Object(Section)

    BuildAttributes$$THM_ISAv4$E$P$D$K$B$S$7EM$PE$A:L22UL41UL21$X:L11$S22US41US21$IEEE1$IW$USESV6$~STKCKD$USESV7$~SHL$OSPACE$EBA8$MICROLIB$REQ8$PRES8$EABIv2 0x00000000   Number         0  anon$$obj.o ABSOLUTE
    __ARM_use_no_argv                        0x00000000   Number         0  main.o ABSOLUTE
    __Vectors                                0x00000000   Data           0  startup.o(RESET)
    __cpp_initialize__aeabi_                  - Undefined Weak Reference
    __cxa_finalize                            - Undefined Weak Reference
    __decompress                              - Undefined Weak Reference
    _clock_init                               - Undefined Weak Reference
    _microlib_exit                            - Undefined Weak Reference
    Reset_Handler                            0x0000026d   Thumb Code     0  startup.o(RESET)
    NMI_Handler                              0x00000271   Thumb Code     2  startup.o(RESET)
    MemManage_Handler                        0x00000275   Thumb Code     2  startup.o(RESET)
    BusFault_Handler                         0x00000277   Thumb Code     2  startup.o(RESET)
    UsageFault_Handler                       0x00000279   Thumb Code     2  startup.o(RESET)
    SVC_Handler                              0x0000027b   Thumb Code     2  startup.o(RESET)
    DebugMon_Handler                         0x0000027d   Thumb Code     2  startup.o(RESET)
    ADC0Seq0_Handler                         0x00000283   Thumb Code     0  startup.o(RESET)
    ADC0Seq1_Handler                         0x00000283   Thumb Code     0  startup.o(RESET)
    ADC0Seq2_Handler                         0x00000283   Thumb Code     0  startup.o(RESET)
    ADC0Seq3_Handler                         0x00000283   Thumb Code     0  startup.o(RESET)
    ADC1Seq0_Handler                         0x00000283   Thumb Code     0  startup.o(RESET)
    ADC1Seq1_Handler                         0x00000283   Thumb Code     0  startup.o(RESET)
    ADC1Seq2_Handler                         0x00000283   Thumb Code     0  startup.o(RESET)
    ADC1Seq3_Handler                         0x00000283   Thumb Code     0  startup.o(RESET)
    CAN0_Handler                             0x00000283   Thumb Code     0  startup.o(RESET)
    CAN1_Handler                             0x00000283   Thumb Code     0  startup.o(RESET)
    CAN2_Handler                             0x00000283   Thumb Code     0  startup.o(RESET)
    Comp0_Handler                            0x00000283   Thumb Code     0  startup.o(RESET)
    Comp1_Handler                            0x00000283   Thumb Code     0  startup.o(RESET)
    Comp2_Handler                            0x00000283   Thumb Code     0  startup.o(RESET)
    Ethernet_Handler                         0x00000283   Thumb Code     0  startup.o(RESET)
    ExtBus_Handler                           0x00000283   Thumb Code     0  startup.o(RESET)
    FPU_Handler                              0x00000283   Thumb Code     0  startup.o(RESET)
    Fan0_Handler                             0x00000283   Thumb Code     0  startup.o(RESET)
    FlashCtl_Handler                         0x00000283   Thumb Code     0  startup.o(RESET)
    GPIOPortA_Handler                        0x00000283   Thumb Code     0  startup.o(RESET)
    GPIOPortB_Handler                        0x00000283   Thumb Code     0  startup.o(RESET)
    GPIOPortC_Handler                        0x00000283   Thumb Code     0  startup.o(RESET)
    GPIOPortD_Handler                        0x00000283   Thumb Code     0  startup.o(RESET)
    GPIOPortE_Handler                        0x00000283   Thumb Code     0  startup.o(RESET)
    GPIOPortG_Handler                        0x00000283   Thumb Code     0  startup.o(RESET)
    GPIOPortH_Handler                        0x00000283   Thumb Code     0  startup.o(RESET)
    GPIOPortJ_Handler                        0x00000283   Thumb Code     0  startup.o(RESET)
    GPIOPortK_Handler                        0x00000283   Thumb Code     0  startup.o(RESET)
    GPIOPortL_Handler                        0x00000283   Thumb Code     0  startup.o(RESET)
    GPIOPortM_Handler                        0x00000283   Thumb Code     0  startup.o(RESET)
    GPIOPortN_Handler                        0x00000283   Thumb Code     0  startup.o(RESET)
    GPIOPortP1_Handler                       0x00000283   Thumb Code     0  startup.o(RESET)
    GPIOPortP2_Handler                       0x00000283   Thumb Code     0  startup.o(RESET)
    GPIOPortP3_Handler                       0x00000283   Thumb Code     0  startup.o(RESET)
    GPIOPortP4_Handler                       0x00000283   Thumb Code     0  startup.o(RESET)
    GPIOPortP5_Handler                       0x00000283   Thumb Code     0  startup.o(RESET)
    GPIOPortP6_Handler                       0x00000283   Thumb Code     0  startup.o(RESET)
    GPIOPortP7_Handler                       0x00000283   Thumb Code     0  startup.o(RESET)
    GPIOPortP_Handler                        0x00000283   Thumb Code     0  startup.o(RESET)
    GPIOPortQ1_Handler                       0x00000283   Thumb Code     0  startup.o(RESET)
    GPIOPortQ2_Handler                       0x00000283   Thumb Code     0  startup.o(RESET)
    GPIOPortQ3_Handler                       0x00000283   Thumb Code     0  startup.o(RESET)
    GPIOPortQ4_Handler                       0x00000283   Thumb Code     0  startup.o(RESET)
    GPIOPortQ5_Handler                       0x00000283   Thumb Code     0  startup.o(RESET)
    GPIOPortQ6_Handler                       0x00000283   Thumb Code     0  startup.o(RESET)
    GPIOPortQ7_Handler                       0x00000283   Thumb Code     0  startup.o(RESET)
    GPIOPortQ_Handler                        0x00000283   Thumb Code     0  startup.o(RESET)
    GPIOPortR_Handler                        0x00000283   Thumb Code     0  startup.o(RESET)
    GPIOPortS_Handler                        0x00000283   Thumb Code     0  startup.o(RESET)
    Hibernate_Handler                        0x00000283   Thumb Code     0  startup.o(RESET)
    I2C0_Handler                             0x00000283   Thumb Code     0  startup.o(RESET)
    I2C1_Handler                             0x00000283   Thumb Code     0  startup.o(RESET)
    I2C2_Handler                             0x00000283   Thumb Code     0  startup.o(RESET)
    I2C3_Handler                             0x00000283   Thumb Code     0  startup.o(RESET)
    I2C4_Handler                             0x00000283   Thumb Code     0  startup.o(RESET)
    I2C5_Handler                             0x00000283   Thumb Code     0  startup.o(RESET)
    I2S0_Handler                             0x00000283   Thumb Code     0  startup.o(RESET)
    LPC0_Handler                             0x00000283   Thumb Code     0  startup.o(RESET)
    PECI0_Handler                            0x00000283   Thumb Code     0  startup.o(RESET)
    PWM0Fault_Handler                        0x00000283   Thumb Code     0  startup.o(RESET)
    PWM0Generator0_Handler                   0x00000283   Thumb Code     0  startup.o(RESET)
    PWM0Generator1_Handler                   0x00000283   Thumb Code     0  startup.o(RESET)
    PWM0Generator2_Handler                   0x00000283   Thumb Code     0  startup.o(RESET)
    PWM0Generator3_Handler                   0x00000283   Thumb Code     0  startup.o(RESET)
    PWM1Fault_Handler                        0x00000283   Thumb Code     0  startup.o(RESET)
    PWM1Generator0_Handler                   0x00000283   Thumb Code     0  startup.o(RESET)
    PWM1Generator1_Handler                   0x00000283   Thumb Code     0  startup.o(RESET)
    PWM1Generator2_Handler                   0x00000283   Thumb Code     0  startup.o(RESET)
    PWM1Generator3_Handler                   0x00000283   Thumb Code     0  startup.o(RESET)
    Quadrature0_Handler                      0x00000283   Thumb Code     0  startup.o(RESET)
    Quadrature1_Handler                      0x00000283   Thumb Code     0  startup.o(RESET)
    Quadrature2_Handler                      0x00000283   Thumb Code     0  startup.o(RESET)
    SSI0_Handler                             0x00000283   Thumb Code     0  startup.o(RESET)
    SSI1_Handler                             0x00000283   Thumb Code     0  startup.o(RESET)
    SSI2_Handler                             0x00000283   Thumb Code     0  startup.o(RESET)
    SSI3_Handler                             0x00000283   Thumb Code     0  startup.o(RESET)
    SysCtl_Handler                           0x00000283   Thumb Code     0  startup.o(RESET)
    Timer0B_Handler                          0x00000283   Thumb Code     0  startup.o(RESET)
    Timer1B_Handler                          0x00000283   Thumb Code     0  startup.o(RESET)
    Timer2A_Handler                          0x00000283   Thumb Code     0  startup.o(RESET)
    Timer2B_Handler                          0x00000283   Thumb Code     0  startup.o(RESET)
    Timer3B_Handler                          0x00000283   Thumb Code     0  startup.o(RESET)
    Timer4B_Handler                          0x00000283   Thumb Code     0  startup.o(RESET)
    Timer5A_Handler                          0x00000283   Thumb Code     0  startup.o(RESET)
    Timer5B_Handler                          0x00000283   Thumb Code     0  startup.o(RESET)
    UART1_Handler                            0x00000283   Thumb Code     0  startup.o(RESET)
    UART2_Handler                            0x00000283   Thumb Code     0  startup.o(RESET)
    UART3_Handler                            0x00000283   Thumb Code     0  startup.o(RESET)
    UART4_Handler                            0x00000283   Thumb Code     0  startup.o(RESET)
    UART5_Handler                            0x00000283   Thumb Code     0  startup.o(RESET)
    UART6_Handler                            0x00000283   Thumb Code     0  startup.o(RESET)
    UART7_Handler                            0x00000283   Thumb Code     0  startup.o(RESET)
    USB0_Handler                             0x00000283   Thumb Code     0  startup.o(RESET)
    WDT_Handler                              0x00000283   Thumb Code     0  startup.o(RESET)
    WideTimer0A_Handler                      0x00000283   Thumb Code     0  startup.o(RESET)
    WideTimer0B_Handler                      0x00000283   Thumb Code     0  startup.o(RESET)
    WideTimer1A_Handler                      0x00000283   Thumb Code     0  startup.o(RESET)
    WideTimer1B_Handler                      0x00000283   Thumb Code     0  startup.o(RESET)
    WideTimer2A_Handler                      0x00000283   Thumb Code     0  startup.o(RESET)
    WideTimer2B_Handler                      0x00000283   Thumb Code     0  startup.o(RESET)
    WideTimer3A_Handler                      0x00000283   Thumb Code     0  startup.o(RESET)
    WideTimer3B_Handler                      0x00000283   Thumb Code     0  startup.o(RESET)
    WideTimer4A_Handler                      0x00000283   Thumb Code     0  startup.o(RESET)
    WideTimer4B_Handler                      0x00000283   Thumb Code     0  startup.o(RESET)
    WideTimer5A_Handler                      0x00000283   Thumb Code     0  startup.o(RESET)
    WideTimer5B_Handler                      0x00000283   Thumb Code     0  startup.o(RESET)
    uDMA_Error                               0x00000283   Thumb Code     0  startup.o(RESET)
    uDMA_Handler                             0x00000283   Thumb Code     0  startup.o(RESET)
    __main                                   0x00000285   Thumb Code     0  entry.o(.ARM.Collect$$$$00000000)
    _main_stk                                0x00000285   Thumb Code     0  entry2.o(.ARM.Collect$$$$00000001)
    _main_scatterload                        0x00000289   Thumb Code     0  entry5.o(.ARM.Collect$$$$00000004)
    __main_after_scatterload                 0x0000028d   Thumb Code     0  entry5.o(.ARM.Collect$$$$00000004)
    _main_clock                              0x0000028d   Thumb Code     0  entry7b.o(.ARM.Collect$$$$00000008)
    _main_cpp_init                           0x0000028d   Thumb Code     0  entry8b.o(.ARM.Collect$$$$0000000A)
    _main_init                               0x0000028d   Thumb Code     0  entry9a.o(.ARM.Collect$$$$0000000B)
    __rt_final_cpp                           0x00000295   Thumb Code     0  entry10a.o(.ARM.Collect$$$$0000000D)
    __rt_final_exit                          0x00000295   Thumb Code     0  entry11a.o(.ARM.Collect$$$$0000000F)
    DisableInterrupts                        0x00000299   Thumb Code     0  startup.o(.text)
    EnableInterrupts                         0x0000029d   Thumb Code     0  startup.o(.text)
    StartCritical                            0x000002a1   Thumb Code     0  startup.o(.text)
    EndCritical                              0x000002a9   Thumb Code     0  startup.o(.text)
    WaitForInterrupt                         0x000002af   Thumb Code     0  startup.o(.text)
    OS_DisableInterrupts                     0x000002b5   Thumb Code     0  osasm.o(.text)
    OS_EnableInterrupts                      0x000002b9   Thumb Code     0  osasm.o(.text)
    OS_ASM_Signal                            0x000002bd   Thumb Code     0  osasm.o(.text)
    OS_ASM_Wait                              0x000002cf   Thumb Code     0  osasm.o(.text)
    PendSV_Handler                           0x000002e1   Thumb Code     0  osasm.o(.text)
    StartOS                                  0x00000301   Thumb Code     0  osasm.o(.text)
    __scatterload                            0x00000329   Thumb Code    28  init.o(.text)
    __scatterload_rt2                        0x00000329   Thumb Code     0  init.o(.text)
    AddBlockedToSemaphore                    0x0000034d   Thumb Code    46  os.o(i.AddBlockedToSemaphore)
    BlockTCB                                 0x00000381   Thumb Code    52  os.o(i.BlockTCB)
    DummyThread                              0x000003bd   Thumb Code    16  main.o(i.DummyThread)
    Flash_Blue                               0x000003cd   Thumb Code    22  main.o(i.Flash_Blue)
    Flash_Green                              0x000003e9   Thumb Code    20  main.o(i.Flash_Green)
    Flash_Red                                0x00000401   Thumb Code    28  main.o(i.Flash_Red)
    GPIOPortF_Handler                        0x00000425   Thumb Code   164  os.o(i.GPIOPortF_Handler)
    HardFault_Handler                        0x000004ed   Thumb Code    18  main.o(i.HardFault_Handler)
    Interpreter                              0x00000505   Thumb Code     8  interpreter.o(i.Interpreter)
    LED_Init                                 0x0000050d   Thumb Code    94  cpu.o(i.LED_Init)
    LinkTCB                                  0x00000581   Thumb Code    54  os.o(i.LinkTCB)
    OS_AddPriorityThread                     0x000005c5   Thumb Code    82  os.o(i.OS_AddPriorityThread)
    OS_AddThread                             0x00000629   Thumb Code   290  os.o(i.OS_AddThread)
    OS_Fifo_Init                             0x0000075d   Thumb Code    34  os.o(i.OS_Fifo_Init)
    OS_Init                                  0x0000078d   Thumb Code    36  os.o(i.OS_Init)
    OS_InitSemaphore                         0x000007c1   Thumb Code    26  os.o(i.OS_InitSemaphore)
    OS_Kill                                  0x000007dd   Thumb Code   330  os.o(i.OS_Kill)
    OS_Launch                                0x00000945   Thumb Code    58  os.o(i.OS_Launch)
    OS_MailBox_Init                          0x0000098d   Thumb Code    22  os.o(i.OS_MailBox_Init)
    OS_Scheduler                             0x000009a9   Thumb Code   138  os.o(i.OS_Scheduler)
    OS_Signal                                0x00000a45   Thumb Code    36  os.o(i.OS_Signal)
    OS_Sleep                                 0x00000a69   Thumb Code    50  os.o(i.OS_Sleep)
    OS_Suspend                               0x00000aa5   Thumb Code    18  os.o(i.OS_Suspend)
    OS_Wait                                  0x00000abd   Thumb Code    36  os.o(i.OS_Wait)
    OS_bSignal                               0x00000ae1   Thumb Code    36  os.o(i.OS_bSignal)
    OS_bWait                                 0x00000b05   Thumb Code    32  os.o(i.OS_bWait)
    OutCRLF                                  0x00000b25   Thumb Code    16  uart0.o(i.OutCRLF)
    Peripheral_Init                          0x00000b35   Thumb Code    10  os.o(i.Peripheral_Init)
    RemoveBlockedFromSemaphore               0x00000b45   Thumb Code    10  os.o(i.RemoveBlockedFromSemaphore)
    RxFifo_Put                               0x00000b51   Thumb Code    48  uart0.o(i.RxFifo_Put)
    RxFifo_Size                              0x00000b8d   Thumb Code    14  uart0.o(i.RxFifo_Size)
    SW1_Debounce                             0x00000ba5   Thumb Code    36  os.o(i.SW1_Debounce)
    SW2_Debounce                             0x00000bd1   Thumb Code    36  os.o(i.SW2_Debounce)
    SetInitialStack                          0x00000bfd   Thumb Code   228  os.o(i.SetInitialStack)
    SetThreads                               0x00000ce9   Thumb Code    68  os.o(i.SetThreads)
    SysTick_Handler                          0x00000d35   Thumb Code    16  os.o(i.SysTick_Handler)
    SysTick_Init                             0x00000d49   Thumb Code    42  os.o(i.SysTick_Init)
    Timer0A_Handler                          0x00000d79   Thumb Code    18  os.o(i.Timer0A_Handler)
    Timer1A_Handler                          0x00000d95   Thumb Code    16  os.o(i.Timer1A_Handler)
    Timer3A_Handler                          0x00000dad   Thumb Code   128  os.o(i.Timer3A_Handler)
    Timer3A_Init                             0x00000e3d   Thumb Code    84  os.o(i.Timer3A_Init)
    Timer4A_Handler                          0x00000ea1   Thumb Code    16  os.o(i.Timer4A_Handler)
    TxFifo_Get                               0x00000eb9   Thumb Code    46  uart0.o(i.TxFifo_Get)
    TxFifo_Put                               0x00000ef5   Thumb Code    48  uart0.o(i.TxFifo_Put)
    TxFifo_Size                              0x00000f31   Thumb Code    14  uart0.o(i.TxFifo_Size)
    UART0_Handler                            0x00000f49   Thumb Code    82  uart0.o(i.UART0_Handler)
    UART_OutChar                             0x00000fa1   Thumb Code    58  uart0.o(i.UART_OutChar)
    UnBlockTCB                               0x00000fe5   Thumb Code    24  os.o(i.UnBlockTCB)
    UnLinkTCB                                0x00000ffd   Thumb Code    40  os.o(i.UnLinkTCB)
    WrapInterpreter                          0x0000102d   Thumb Code     8  main.o(i.WrapInterpreter)
    __scatterload_copy                       0x00001035   Thumb Code    14  handlers.o(i.__scatterload_copy)
    __scatterload_null                       0x00001043   Thumb Code     2  handlers.o(i.__scatterload_null)
    __scatterload_zeroinit                   0x00001045   Thumb Code    14  handlers.o(i.__scatterload_zeroinit)
    main                                     0x000010a9   Thumb Code   164  main.o(i.main)
    newLine                                  0x00001171   Thumb Code     8  interpreter.o(i.newLine)
    Region$$Table$$Base                      0x00001178   Number         0  anon$$obj.o(Region$$Table)
    Region$$Table$$Limit                     0x00001198   Number         0  anon$$obj.o(Region$$Table)
    ThreadsCreated                           0x20000000   Data           4  main.o(.data)
    Mutex_REDLED                             0x20000004   Data           8  main.o(.data)
    RxPutI                                   0x2000000c   Data           4  uart0.o(.data)
    RxGetI                                   0x20000010   Data           4  uart0.o(.data)
    TxPutI                                   0x20000014   Data           4  uart0.o(.data)
    TxGetI                                   0x20000018   Data           4  uart0.o(.data)
    semaUART                                 0x2000001c   Data           8  uart0.o(.data)
    OS_SystemTime                            0x20000028   Data           4  os.o(.data)
    OS_SystemTimeMS                          0x2000002c   Data           4  os.o(.data)
    RunPt                                    0x20000030   Data           4  os.o(.data)
    NextRunPt                                0x20000034   Data           4  os.o(.data)
    FiFo_Size_Unused                         0x20000038   Data           4  os.o(.data)
    Get_Idx                                  0x2000003c   Data           2  os.o(.data)
    Put_Idx                                  0x2000003e   Data           2  os.o(.data)
    SemaFIFO                                 0x20000040   Data           8  os.o(.data)
    Periodic_Thread1                         0x20000048   Data           4  os.o(.data)
    Period1                                  0x2000004c   Data           4  os.o(.data)
    Period1Counter                           0x20000050   Data           4  os.o(.data)
    Periodic_Thread2                         0x20000054   Data           4  os.o(.data)
    Period2                                  0x20000058   Data           4  os.o(.data)
    Period2Counter                           0x2000005c   Data           4  os.o(.data)
    Sw1Pri                                   0x20000060   Data           4  os.o(.data)
    SW1_Task                                 0x20000064   Data           4  os.o(.data)
    SW1_Priority                             0x20000068   Data           4  os.o(.data)
    LastSW1                                  0x2000006c   Data           4  os.o(.data)
    SW2_Task                                 0x20000070   Data           4  os.o(.data)
    SW2_Priority                             0x20000074   Data           4  os.o(.data)
    LastSW2                                  0x20000078   Data           4  os.o(.data)
    Stacks                                   0x20000100   Data       10240  os.o(.bss)
    OS_FiFo                                  0x20002a90   Data        1024  os.o(.bss)
    PriorityTotal                            0x20002e90   Data          32  os.o(.bss)
    PriorityAvailable                        0x20002eb0   Data          32  os.o(.bss)
    PriorityPtr                              0x20002ed0   Data          32  os.o(.bss)
    PriorityLastPtr                          0x20002ef0   Data          32  os.o(.bss)
    MailBox                                  0x20002f10   Data          20  os.o(.bss)
    __initial_sp                             0x20003328   Data           0  startup.o(STACK)



==============================================================================

Memory Map of the image

  Image Entry point : 0x0000026d

  Load Region LR_1 (Base: 0x00000000, Size: 0x00001218, Max: 0xffffffff, ABSOLUTE)

    Execution Region ER_RO (Exec base: 0x00000000, Load base: 0x00000000, Size: 0x00001198, Max: 0xffffffff, ABSOLUTE)

    Exec Addr    Load Addr    Size         Type   Attr      Idx    E Section Name        Object

    0x00000000   0x00000000   0x00000284   Code   RO          117  * RESET               startup.o
    0x00000284   0x00000284   0x00000000   Code   RO          641  * .ARM.Collect$$$$00000000  mc_w.l(entry.o)
    0x00000284   0x00000284   0x00000004   Code   RO          644    .ARM.Collect$$$$00000001  mc_w.l(entry2.o)
    0x00000288   0x00000288   0x00000004   Code   RO          647    .ARM.Collect$$$$00000004  mc_w.l(entry5.o)
    0x0000028c   0x0000028c   0x00000000   Code   RO          649    .ARM.Collect$$$$00000008  mc_w.l(entry7b.o)
    0x0000028c   0x0000028c   0x00000000   Code   RO          651    .ARM.Collect$$$$0000000A  mc_w.l(entry8b.o)
    0x0000028c   0x0000028c   0x00000008   Code   RO          652    .ARM.Collect$$$$0000000B  mc_w.l(entry9a.o)
    0x00000294   0x00000294   0x00000000   Code   RO          654    .ARM.Collect$$$$0000000D  mc_w.l(entry10a.o)
    0x00000294   0x00000294   0x00000000   Code   RO          656    .ARM.Collect$$$$0000000F  mc_w.l(entry11a.o)
    0x00000294   0x00000294   0x00000004   Code   RO          645    .ARM.Collect$$$$00002712  mc_w.l(entry2.o)
    0x00000298   0x00000298   0x0000001c   Code   RO          118    .text               startup.o
    0x000002b4   0x000002b4   0x00000074   Code   RO          638    .text               osasm.o
    0x00000328   0x00000328   0x00000024   Code   RO          658    .text               mc_w.l(init.o)
    0x0000034c   0x0000034c   0x00000034   Code   RO          310    i.AddBlockedToSemaphore  os.o
    0x00000380   0x00000380   0x0000003c   Code   RO          311    i.BlockTCB          os.o
    0x000003bc   0x000003bc   0x00000010   Code   RO            1    i.DummyThread       main.o
    0x000003cc   0x000003cc   0x0000001c   Code   RO            2    i.Flash_Blue        main.o
    0x000003e8   0x000003e8   0x00000018   Code   RO            3    i.Flash_Green       main.o
    0x00000400   0x00000400   0x00000024   Code   RO            4    i.Flash_Red         main.o
    0x00000424   0x00000424   0x000000c8   Code   RO          312    i.GPIOPortF_Handler  os.o
    0x000004ec   0x000004ec   0x00000018   Code   RO            6    i.HardFault_Handler  main.o
    0x00000504   0x00000504   0x00000008   Code   RO           97    i.Interpreter       interpreter.o
    0x0000050c   0x0000050c   0x00000074   Code   RO          126    i.LED_Init          cpu.o
    0x00000580   0x00000580   0x00000044   Code   RO          313    i.LinkTCB           os.o
    0x000005c4   0x000005c4   0x00000064   Code   RO          315    i.OS_AddPriorityThread  os.o
    0x00000628   0x00000628   0x00000134   Code   RO          318    i.OS_AddThread      os.o
    0x0000075c   0x0000075c   0x00000030   Code   RO          321    i.OS_Fifo_Init      os.o
    0x0000078c   0x0000078c   0x00000034   Code   RO          325    i.OS_Init           os.o
    0x000007c0   0x000007c0   0x0000001a   Code   RO          326    i.OS_InitSemaphore  os.o
    0x000007da   0x000007da   0x00000002   PAD
    0x000007dc   0x000007dc   0x00000168   Code   RO          327    i.OS_Kill           os.o
    0x00000944   0x00000944   0x00000048   Code   RO          328    i.OS_Launch         os.o
    0x0000098c   0x0000098c   0x0000001c   Code   RO          329    i.OS_MailBox_Init   os.o
    0x000009a8   0x000009a8   0x0000009c   Code   RO          333    i.OS_Scheduler      os.o
    0x00000a44   0x00000a44   0x00000024   Code   RO          334    i.OS_Signal         os.o
    0x00000a68   0x00000a68   0x0000003c   Code   RO          335    i.OS_Sleep          os.o
    0x00000aa4   0x00000aa4   0x00000018   Code   RO          336    i.OS_Suspend        os.o
    0x00000abc   0x00000abc   0x00000024   Code   RO          339    i.OS_Wait           os.o
    0x00000ae0   0x00000ae0   0x00000024   Code   RO          340    i.OS_bSignal        os.o
    0x00000b04   0x00000b04   0x00000020   Code   RO          341    i.OS_bWait          os.o
    0x00000b24   0x00000b24   0x00000010   Code   RO          167    i.OutCRLF           uart0.o
    0x00000b34   0x00000b34   0x00000010   Code   RO          344    i.Peripheral_Init   os.o
    0x00000b44   0x00000b44   0x0000000a   Code   RO          345    i.RemoveBlockedFromSemaphore  os.o
    0x00000b4e   0x00000b4e   0x00000002   PAD
    0x00000b50   0x00000b50   0x0000003c   Code   RO          170    i.RxFifo_Put        uart0.o
    0x00000b8c   0x00000b8c   0x00000018   Code   RO          171    i.RxFifo_Size       uart0.o
    0x00000ba4   0x00000ba4   0x0000002c   Code   RO          346    i.SW1_Debounce      os.o
    0x00000bd0   0x00000bd0   0x0000002c   Code   RO          348    i.SW2_Debounce      os.o
    0x00000bfc   0x00000bfc   0x000000ec   Code   RO          350    i.SetInitialStack   os.o
    0x00000ce8   0x00000ce8   0x0000004c   Code   RO          351    i.SetThreads        os.o
    0x00000d34   0x00000d34   0x00000014   Code   RO          352    i.SysTick_Handler   os.o
    0x00000d48   0x00000d48   0x00000030   Code   RO          353    i.SysTick_Init      os.o
    0x00000d78   0x00000d78   0x0000001c   Code   RO          354    i.Timer0A_Handler   os.o
    0x00000d94   0x00000d94   0x00000018   Code   RO          356    i.Timer1A_Handler   os.o
    0x00000dac   0x00000dac   0x00000090   Code   RO          357    i.Timer3A_Handler   os.o
    0x00000e3c   0x00000e3c   0x00000064   Code   RO          358    i.Timer3A_Init      os.o
    0x00000ea0   0x00000ea0   0x00000018   Code   RO          359    i.Timer4A_Handler   os.o
    0x00000eb8   0x00000eb8   0x0000003c   Code   RO          172    i.TxFifo_Get        uart0.o
    0x00000ef4   0x00000ef4   0x0000003c   Code   RO          174    i.TxFifo_Put        uart0.o
    0x00000f30   0x00000f30   0x00000018   Code   RO          175    i.TxFifo_Size       uart0.o
    0x00000f48   0x00000f48   0x00000058   Code   RO          176    i.UART0_Handler     uart0.o
    0x00000fa0   0x00000fa0   0x00000044   Code   RO          182    i.UART_OutChar      uart0.o
    0x00000fe4   0x00000fe4   0x00000018   Code   RO          360    i.UnBlockTCB        os.o
    0x00000ffc   0x00000ffc   0x00000030   Code   RO          361    i.UnLinkTCB         os.o
    0x0000102c   0x0000102c   0x00000008   Code   RO            7    i.WrapInterpreter   main.o
    0x00001034   0x00001034   0x0000000e   Code   RO          662    i.__scatterload_copy  mc_w.l(handlers.o)
    0x00001042   0x00001042   0x00000002   Code   RO          663    i.__scatterload_null  mc_w.l(handlers.o)
    0x00001044   0x00001044   0x0000000e   Code   RO          664    i.__scatterload_zeroinit  mc_w.l(handlers.o)
    0x00001052   0x00001052   0x00000002   PAD
    0x00001054   0x00001054   0x00000028   Code   RO          186    i.copyHardwareToSoftware  uart0.o
    0x0000107c   0x0000107c   0x0000002c   Code   RO          187    i.copySoftwareToHardware  uart0.o
    0x000010a8   0x000010a8   0x000000c8   Code   RO            8    i.main              main.o
    0x00001170   0x00001170   0x00000008   Code   RO           98    i.newLine           interpreter.o
    0x00001178   0x00001178   0x00000020   Data   RO          660    Region$$Table       anon$$obj.o


    Execution Region ER_RW (Exec base: 0x20000000, Load base: 0x00001198, Size: 0x00000080, Max: 0xffffffff, ABSOLUTE)

    Exec Addr    Load Addr    Size         Type   Attr      Idx    E Section Name        Object

    0x20000000   0x00001198   0x0000000c   Data   RW            9    .data               main.o
    0x2000000c   0x000011a4   0x00000018   Data   RW          189    .data               uart0.o
    0x20000024   0x000011bc   0x00000059   Data   RW          363    .data               os.o


    Execution Region ER_ZI (Exec base: 0x20000080, Load base: 0x00001218, Size: 0x000032a8, Max: 0xffffffff, ABSOLUTE)

    Exec Addr    Load Addr    Size         Type   Attr      Idx    E Section Name        Object

    0x20000080        -       0x00000080   Zero   RW          188    .bss                uart0.o
    0x20000100        -       0x00002e24   Zero   RW          362    .bss                os.o
    0x20002f24   0x00001218   0x00000004   PAD
    0x20002f28        -       0x00000400   Zero   RW          115    STACK               startup.o


==============================================================================

Image component sizes


      Code (inc. data)   RO Data    RW Data    ZI Data      Debug   Object Name

       116         22          0          0          0        423   cpu.o
        16          0          0          0          0        836   interpreter.o
       336         60          0         12          0       8224   main.o
      2640        328          0         89      11812      19972   os.o
       116         10          0          0          0        284   osasm.o
       672        622          0          0       1024       1016   startup.o
       484         84          0         24        128       5999   uart0.o

    ----------------------------------------------------------------------
      4384       1126         32        128      12968      36754   Object Totals
         0          0         32          0          0          0   (incl. Generated)
         4          0          0          3          4          0   (incl. Padding)

    ----------------------------------------------------------------------

      Code (inc. data)   RO Data    RW Data    ZI Data      Debug   Library Member Name

         0          0          0          0          0          0   entry.o
         0          0          0          0          0          0   entry10a.o
         0          0          0          0          0          0   entry11a.o
         8          4          0          0          0          0   entry2.o
         4          0          0          0          0          0   entry5.o
         0          0          0          0          0          0   entry7b.o
         0          0          0          0          0          0   entry8b.o
         8          4          0          0          0          0   entry9a.o
        30          0          0          0          0          0   handlers.o
        36          8          0          0          0         68   init.o

    ----------------------------------------------------------------------
        88         16          0          0          0         68   Library Totals
         2          0          0          0          0          0   (incl. Padding)

    ----------------------------------------------------------------------

      Code (inc. data)   RO Data    RW Data    ZI Data      Debug   Library Name

        86         16          0          0          0         68   mc_w.l

    ----------------------------------------------------------------------
        88         16          0          0          0         68   Library Totals

    ----------------------------------------------------------------------

==============================================================================


      Code (inc. data)   RO Data    RW Data    ZI Data      Debug   

      4472       1142         32        128      12968      34374   Grand Totals
      4472       1142         32        128      12968      34374   ELF Image Totals
      4472       1142         32        128          0          0   ROM Totals

==============================================================================

    Total RO  Size (Code + RO Data)                 4504 (   4.40kB)
    Total RW  Size (RW Data + ZI Data)             13096 (  12.79kB)
    Total ROM Size (Code + RO Data + RW Data)       4632 (   4.52kB)

==============================================================================

