<html>
<body>
<pre>
<h1>µVision Build Log</h1>
<h2>Tool Versions:</h2>
IDE-Version: µVision V5.25.2.0
Copyright (C) 2018 ARM Ltd and ARM Germany GmbH. All rights reserved.
License Information: Sikender Ashraf, UT Austin, LIC=Q7GII-C4BMQ-FWHZM-FLPQ1-UGX93-RT7MU
 
Tool Versions:
Toolchain:       MDK-ARM Professional  Version: 5.25.2.0
Toolchain Path:  C:\Keil_v5\ARM\ARMCC\Bin
C Compiler:      Armcc.exe V5.06 update 6 (build 750)
Assembler:       Armasm.exe V5.06 update 6 (build 750)
Linker/Locator:  ArmLink.exe V5.06 update 6 (build 750)
Library Manager: ArmAr.exe V5.06 update 6 (build 750)
Hex Converter:   FromElf.exe V5.06 update 6 (build 750)
CPU DLL:         SARMCM3.DLL V5.25.2.0
Dialog DLL:      DCM.DLL V1.17.1.0
Target DLL:      lmidk-agdi.dll V???
Dialog DLL:      TCM.DLL V1.35.1.0
 
<h2>Project:</h2>
C:\Users\Sikenderali Ashraf\Desktop\SikendeRTOS\SikenderOS\SikendeRTOS.uvproj
Project File Date:  07/04/2019

<h2>Output:</h2>
*** Using Compiler 'V5.06 update 6 (build 750)', folder: 'C:\Keil_v5\ARM\ARMCC\Bin'
Rebuild target 'SikendeRTOS'
assembling OSAsm.s...
assembling startup.s...
compiling retarget.c...
compiling cpu.c...
compiling main.c...
compiling Interpreter.c...
compiling Switch.c...
compiling PLL.c...
compiling OS.c...
compiling UART0.c...
compiling Timer.c...
linking...
Program Size: Code=10200 RO-data=832 RW-data=708 ZI-data=13644  
".\Objects\RTOS-lab1.axf" - 0 Error(s), 0 Warning(s).
Build Time Elapsed:  00:00:01
</pre>
</body>
</html>
